<html>
<body>
<pre>
<h1>µVision Build Log</h1>
<h2>Tool Versions:</h2>
IDE-Version: ¶ÃVision V5.28.0.0
Copyright (C) 2019 ARM Ltd and ARM Germany GmbH. All rights reserved.
License Information:   ,  , LIC=47GII-TY36D-DKBBN-YW0PF-SI4FG-CP579
 
Tool Versions:
Toolchain:       MDK-ARM Plus  Version: 5.28.0.0
Toolchain Path:  G:\engine soft\keil5\ARM\ARMCC\Bin
C Compiler:      Armcc.exe V5.06 update 6 (build 750)
Assembler:       Armasm.exe V5.06 update 6 (build 750)
Linker/Locator:  ArmLink.exe V5.06 update 6 (build 750)
Library Manager: ArmAr.exe V5.06 update 6 (build 750)
Hex Converter:   FromElf.exe V5.06 update 6 (build 750)
CPU DLL:         SARMCM3.DLL V5.28.0.0
Dialog DLL:      DCM.DLL V1.17.3.0
Target DLL:      Segger\JL2CM3.dll V2.99.36.0
Dialog DLL:      TCM.DLL V1.36.2.0
 
<h2>Project:</h2>
C:\Users\Hello\Desktop\STM32F1xx_”≤º˛«˝∂Ø¥˙¬Î\Project\project.uvprojx
Project File Date:  10/16/2019

<h2>Output:</h2>
*** Using Compiler 'V5.06 update 6 (build 750)', folder: 'G:\engine soft\keil5\ARM\ARMCC\Bin'
Build target 'project'
compiling main.c...
..\HARDWARD_LIB\inc\oled.h(66): warning:  #1-D: last line of file ends without a newline
  #endif 
..\HARDWARD_LIB\inc\nrf2401.h(185): warning:  #1-D: last line of file ends without a newline
  #endif 
..\HARDWARD_LIB\inc\LCD_device.h(27): warning:  #47-D: incompatible redefinition of macro "BUFF_SIZE"  (declared at line 32 of "..\system\usart\usart.h")
  #define BUFF_SIZE  20           /* ÁºìÂÜ≤Âå∫ÁöÑÂ§ßÂ∞è*/
..\Application\main.c: 3 warnings, 0 errors
linking...
Program Size: Code=484 RO-data=320 RW-data=0 ZI-data=1024  
FromELF: creating hex file...
".\Objects\project.axf" - 0 Error(s), 3 Warning(s).

<h2>Software Packages used:</h2>

Package Vendor: Keil
                http://www.keil.com/pack/Keil.STM32F1xx_DFP.2.3.0.pack
                Keil.STM32F1xx_DFP.2.3.0
                STMicroelectronics STM32F1 Series Device Support, Drivers and Examples

<h2>Collection of Component include folders:</h2>
  .\RTE\_project
  G:\engine soft\keil5\Keil\STM32F1xx_DFP\2.3.0\Device\Include

<h2>Collection of Component Files used:</h2>
Build Time Elapsed:  00:00:02
</pre>
</body>
</html>
